2026-09-27 08:14:22 INFO Application started
2026-09-27 08:15:03 INFO User logged in
2026-09-27 08:16:17 WARNING Failed login attempt
2026-09-27 08:17:45 INFO User opened dashboard
2026-09-27 08:19:12 ERROR Database connection failed
2026-09-27 08:20:01 INFO Retrying database connection
2026-09-27 08:20:04 INFO Database connection restored
2026-09-27 08:22:31 WARNING Slow response from API
2026-09-27 08:24:16 ERROR File not found: config.json
2026-09-27 08:25:43 INFO User updated profile
2026-09-27 08:27:09 INFO User logged out
2026-09-27 08:29:51 WARNING Failed login attempt
2026-09-27 08:30:22 ERROR Database connection failed
2026-09-27 08:31:05 ERROR Database connection failed
2026-09-27 08:32:47 INFO Database connection restored
2026-09-27 08:34:11 INFO Application backup started
2026-09-27 08:35:26 WARNING Low disk space
2026-09-27 08:36:54 INFO Application backup completed
2026-09-27 08:38:13 ERROR Permission denied
2026-09-27 08:40:02 INFO User logged in
2026-09-27 08:41:37 INFO User opened settings
2026-09-27 08:43:19 WARNING Slow response from API
2026-09-27 08:44:55 ERROR Database connection failed
2026-09-27 08:45:21 INFO Database connection restored
2026-09-27 08:47:03 INFO User logged out
2026-09-27 08:49:42 WARNING Failed login attempt
2026-09-27 08:51:16 INFO Application health check passed
2026-09-27 08:53:28 ERROR File not found: config.json
2026-09-27 08:55:07 INFO Application shutdown
